// 重构日志: f0b9273d
// 重构日志: 2208f648
// 同步 ID: b1300817 @ Tue Jul 21 15:30:45 UTC 2026
// 同步 ID: 4e68a995 @ Tue Jul 21 18:23:34 UTC 2026
// 重构日志: ee6b08ee
// 重构日志: 1999727b
// 同步 ID: 941c10ed @ Fri Jul 24 14:40:15 UTC 2026
// 重构日志: c83b4730
// 重构日志: 936be70c
// 重构日志: 9694346e
// 同步 ID: f8f67dc6 @ Tue Jul 28 09:48:25 UTC 2026
// 同步 ID: 49fe90f6 @ Wed Jul 29 10:25:16 UTC 2026
// 同步 ID: c998ec70 @ Wed Jul 29 12:46:46 UTC 2026
// 重构日志: f11a921f
// 重构日志: 0167ff97
// 重构日志: d6c1df1d
// 重构日志: 6f201f8e
// 重构日志: 984e626d
// 重构日志: 4e53a45a
// 同步 ID: c593cff9 @ Sat Aug  1 12:43:26 UTC 2026
// 重构日志: e5a3536b
// 重构日志: 0b3689ca
// 同步 ID: c4aadd90 @ Sun Aug  2 03:59:44 UTC 2026
// 重构日志: 013d2fa8
// 重构日志: 72d04e38
// 重构日志: d59d5669
// 重构日志: fdbe72cb
// 重构日志: 58268e58
// 重构日志: b35fa8fc
// 同步 ID: bafdf526 @ Fri Aug  7 18:50:26 UTC 2026
// 重构日志: 3fbe59bd
// 重构日志: f1af2b5a
